**********************
Windows PowerShell transcript start
Start time: 20260928132333
Username: NMG\Administrator
RunAs User: NMG\Administrator
Configuration Name: 
Machine: WIN-0L625E156HN (Microsoft Windows NT 10.0.26100.0)
Host Application: C:\WINDOWS\system32\WindowsPowerShell\v1.0\PowerShell_ISE.exe
Process ID: 8632
PSVersion: 5.1.26100.7462
PSEdition: Desktop
PSCompatibleVersions: 1.0, 2.0, 3.0, 4.0, 5.0, 5.1.26100.7462
BuildVersion: 10.0.26100.7462
CLRVersion: 4.0.30319.42000
WSManStackVersion: 3.0
PSRemotingProtocolVersion: 2.3
SerializationVersion: 1.1.0.1
**********************

  DISABLE-NMGUSER
  Target : rpace
  Ticket : NMG-0212
  Run by : Administrator

  All checks passed for Roland Pace
  Captured 2 memberships
  Disabled and stamped.

  Account  : Roland Pace (rpace)
  Ticket   : NMG-0212
  Evidence : C:\Reports\Offboarding
  Log      : C:\nmg-identity-automation\Logs

**********************
Windows PowerShell transcript end
End time: 20260928132333
**********************
